\BOOKMARK [0][-]{chapter*.1}{\376\377\016\032\016\027\016\004\016\061\016\024\016\042\016\110\016\055}{}% 1
\BOOKMARK [0][-]{chapter*.2}{\376\377\000A\000b\000s\000t\000r\000a\000c\000t}{}% 2
\BOOKMARK [0][-]{chapter*.3}{\376\377\016\032\016\027\016\052\016\043\016\070\016\033\016\034\016\071\016\111\016\032\016\043\016\064\016\053\016\062\016\043}{}% 3
\BOOKMARK [0][-]{chapter.1}{\376\377\016\032\016\027\016\031\016\063}{}% 4
\BOOKMARK [1][-]{section.1.1}{\376\377\016\027\016\065\016\110\016\041\016\062\016\101\016\045\016\060\016\004\016\047\016\062\016\041\016\052\016\063\016\004\016\061\016\015\016\002\016\055\016\007\016\102\016\004\016\043\016\007\016\007\016\062\016\031}{chapter.1}% 5
\BOOKMARK [1][-]{section.1.2}{\376\377\016\047\016\061\016\025\016\026\016\070\016\033\016\043\016\060\016\052\016\007\016\004\016\114\016\002\016\055\016\007\016\102\016\004\016\043\016\007\016\007\016\062\016\031}{chapter.1}% 6
\BOOKMARK [1][-]{section.1.3}{\376\377\016\002\016\055\016\032\016\100\016\002\016\025\016\101\016\045\016\060\016\002\016\111\016\055\016\010\016\063\016\001\016\061\016\024\016\002\016\055\016\007\016\102\016\004\016\043\016\007\016\007\016\062\016\031}{chapter.1}% 7
\BOOKMARK [2][-]{subsection.1.3.1}{\376\377\016\002\016\055\016\032\016\100\016\002\016\025\016\002\016\055\016\007\016\102\016\004\016\043\016\007\016\007\016\062\016\031}{section.1.3}% 8
\BOOKMARK [2][-]{subsection.1.3.2}{\376\377\016\002\016\111\016\055\016\010\016\063\016\001\016\061\016\024\016\002\016\055\016\007\016\102\016\004\016\043\016\007\016\007\016\062\016\031}{section.1.3}% 9
\BOOKMARK [1][-]{section.1.4}{\376\377\016\002\016\111\016\055\016\001\016\063\016\053\016\031\016\024\016\004\016\047\016\062\016\041\016\025\016\111\016\055\016\007\016\001\016\062\016\043\016\002\016\055\016\007\016\043\016\060\016\032\016\032}{chapter.1}% 10
\BOOKMARK [2][-]{subsection.1.4.1}{\376\377\016\001\016\062\016\043\016\033\016\043\016\061\016\032\016\033\016\043\016\070\016\007\016\002\016\111\016\055\016\001\016\063\016\053\016\031\016\024\000\040\000\050\000R\000e\000q\000u\000i\000r\000e\000m\000e\000n\000t\000\040\000A\000m\000e\000n\000d\000m\000e\000n\000t\000\051}{section.1.4}% 11
\BOOKMARK [1][-]{section.1.5}{\376\377\016\040\016\062\016\036\016\043\016\047\016\041\016\043\016\060\016\032\016\032}{chapter.1}% 12
\BOOKMARK [1][-]{section.1.6}{\376\377\016\007\016\032\016\033\016\043\016\060\016\041\016\062\016\023\016\102\016\004\016\043\016\007\016\007\016\062\016\031}{chapter.1}% 13
\BOOKMARK [1][-]{section.1.7}{\376\377\016\102\016\004\016\043\016\007\016\052\016\043\016\111\016\062\016\007\016\002\016\055\016\007\016\043\016\062\016\042\016\007\016\062\016\031}{chapter.1}% 14
\BOOKMARK [0][-]{chapter.2}{\376\377\016\027\016\044\016\051\016\016\016\065\016\101\016\045\016\060\016\100\016\027\016\004\016\102\016\031\016\102\016\045\016\042\016\065\016\027\016\065\016\110\016\100\016\001\016\065\016\110\016\042\016\047\016\002\016\111\016\055\016\007}{}% 15
\BOOKMARK [1][-]{section.2.1}{\376\377\016\036\016\045\016\050\016\062\016\052\016\025\016\043\016\114\016\002\016\055\016\007\016\041\016\055\016\100\016\025\016\055\016\043\016\114\016\001\016\043\016\060\016\101\016\052\016\025\016\043\016\007}{chapter.2}% 16
\BOOKMARK [2][-]{subsection.2.1.1}{\376\377\016\052\016\041\016\001\016\062\016\043\016\102\016\024\016\100\016\041\016\031\016\104\016\037\016\037\016\111\016\062}{section.2.1}% 17
\BOOKMARK [2][-]{subsection.2.1.2}{\376\377\016\052\016\041\016\001\016\062\016\043\016\102\016\024\016\100\016\041\016\031\016\100\016\012\016\064\016\007\016\001\016\045}{section.2.1}% 18
\BOOKMARK [2][-]{subsection.2.1.3}{\376\377\000S\000t\000a\000t\000e\000-\000S\000p\000a\000c\000e\000\040\000R\000e\000p\000r\000e\000s\000e\000n\000t\000a\000t\000i\000o\000n}{section.2.1}% 19
\BOOKMARK [1][-]{section.2.2}{\376\377\016\027\016\044\016\051\016\016\016\065\016\001\016\062\016\043\016\004\016\047\016\032\016\004\016\070\016\041\016\101\016\045\016\060\016\001\016\062\016\043\016\001\016\043\016\055\016\007\016\052\016\061\016\015\016\015\016\062\016\023}{chapter.2}% 20
\BOOKMARK [2][-]{subsection.2.2.1}{\376\377\000C\000a\000s\000c\000a\000d\000e\000\040\000P\000I\000D\000\040\000C\000o\000n\000t\000r\000o\000l}{section.2.2}% 21
\BOOKMARK [2][-]{subsection.2.2.2}{\376\377\000Z\000V\000D\000\040\000I\000n\000p\000u\000t\000\040\000S\000h\000a\000p\000i\000n\000g}{section.2.2}% 22
\BOOKMARK [2][-]{subsection.2.2.3}{\376\377\000K\000a\000l\000m\000a\000n\000\040\000F\000i\000l\000t\000e\000r}{section.2.2}% 23
\BOOKMARK [1][-]{section.2.3}{\376\377\016\041\016\062\016\025\016\043\016\020\016\062\016\031\016\001\016\062\016\043\016\055\016\055\016\001\016\101\016\032\016\032\016\100\016\012\016\064\016\007\016\001\016\045}{chapter.2}% 24
\BOOKMARK [2][-]{subsection.2.3.1}{\376\377\016\001\016\062\016\043\016\055\016\055\016\001\016\101\016\032\016\032\016\100\016\036\016\045\016\062\000\040\000\050\000A\000S\000M\000E\000\040\000S\000h\000a\000f\000t\000\040\000D\000e\000s\000i\000g\000n\000\051}{section.2.3}% 25
\BOOKMARK [2][-]{subsection.2.3.2}{\376\377\016\001\016\062\016\043\016\004\016\063\016\031\016\047\016\023\016\055\016\062\016\042\016\070\016\001\016\062\016\043\016\103\016\012\016\111\016\007\016\062\016\031\016\025\016\045\016\061\016\032\016\045\016\071\016\001\016\033\016\067\016\031\000\040\000\050\000I\000S\000O\000\040\0002\0008\0001\000\051}{section.2.3}% 26
\BOOKMARK [2][-]{subsection.2.3.3}{\376\377\016\036\016\045\016\050\016\062\016\052\016\025\016\043\016\114\016\002\016\055\016\007\016\012\016\064\016\111\016\031\016\007\016\062\016\031\000\040\000C\000o\000n\000n\000e\000c\000t\000i\000o\000n\000\040\000R\000o\000d\000\040\000\050\000S\000i\000m\000p\000l\000e\000\040\000P\000e\000n\000d\000u\000l\000u\000m\000\040\000M\000o\000d\000e\000l\000\051}{section.2.3}% 27
\BOOKMARK [1][-]{section.2.4}{\376\377\016\055\016\061\016\045\016\001\016\055\016\043\016\064\016\027\016\066\016\041\016\052\016\043\016\111\016\062\016\007\016\102\016\033\016\043\016\104\016\037\016\045\016\114\016\001\016\062\016\043\016\100\016\004\016\045\016\067\016\110\016\055\016\031\016\027\016\065\016\110}{chapter.2}% 28
\BOOKMARK [2][-]{subsection.2.4.1}{\376\377\000S\000-\000C\000u\000r\000v\000e\000\040\000T\000r\000a\000j\000e\000c\000t\000o\000r\000y\000\040\000\050\000J\000e\000r\000k\000-\000L\000i\000m\000i\000t\000e\000d\000\051}{section.2.4}% 29
\BOOKMARK [1][-]{section.2.5}{\376\377\016\001\016\062\016\043\016\043\016\060\016\032\016\070\016\100\016\055\016\001\016\045\016\061\016\001\016\051\016\023\016\114\016\002\016\055\016\007\016\043\016\060\016\032\016\032\000\040\000\050\000S\000y\000s\000t\000e\000m\000\040\000I\000d\000e\000n\000t\000i\000f\000i\000c\000a\000t\000i\000o\000n\000\051}{chapter.2}% 30
\BOOKMARK [2][-]{subsection.2.5.1}{\376\377\016\001\016\062\016\043\016\033\016\043\016\060\016\041\016\062\016\023\016\004\016\110\016\062\016\036\016\062\016\043\016\062\016\041\016\064\016\100\016\025\016\055\016\043\016\114\016\027\016\062\016\007\016\104\016\037\016\037\016\111\016\062\000\040\000\050\000S\000t\000a\000l\000l\000e\000d\000\040\000R\000o\000t\000o\000r\000\040\000T\000e\000s\000t\000\051}{section.2.5}% 31
\BOOKMARK [2][-]{subsection.2.5.2}{\376\377\016\001\016\062\016\043\016\043\016\060\016\032\016\070\016\100\016\055\016\001\016\045\016\061\016\001\016\051\016\023\016\114\016\101\016\032\016\032\016\001\016\045\016\110\016\055\016\007\016\100\016\027\016\062\016\024\016\111\016\047\016\042\000\040\000M\000A\000T\000L\000A\000B\000\040\000\050\000G\000r\000e\000y\000-\000B\000o\000x\000\040\000I\000d\000e\000n\000t\000i\000f\000i\000c\000a\000t\000i\000o\000n\000\051}{section.2.5}% 32
\BOOKMARK [2][-]{subsection.2.5.3}{\376\377\000Z\000e\000r\000o\000-\000P\000h\000a\000s\000e\000\040\000F\000i\000l\000t\000e\000r\000i\000n\000g\000\040\016\024\016\111\016\047\016\042\000\040\000f\000i\000l\000t\000f\000i\000l\000t}{section.2.5}% 33
\BOOKMARK [1][-]{section.2.6}{\376\377\016\033\016\043\016\062\016\001\016\017\016\001\016\062\016\043\016\023\016\114\016\055\016\064\016\031\016\027\016\064\016\001\016\043\016\061\016\045\016\104\016\047\016\031\016\024\016\114\016\055\016\061\016\033\000\040\000\050\000I\000n\000t\000e\000g\000r\000a\000l\000\040\000W\000i\000n\000d\000u\000p\000\051}{chapter.2}% 34
\BOOKMARK [1][-]{section.2.7}{\376\377\016\041\016\062\016\025\016\043\016\020\016\062\016\031\016\025\016\071\016\111\016\004\016\047\016\032\016\004\016\070\016\041\016\055\016\070\016\025\016\052\016\062\016\053\016\001\016\043\016\043\016\041\000\040\000\050\000I\000n\000d\000u\000s\000t\000r\000i\000a\000l\000\040\000E\000n\000c\000l\000o\000s\000u\000r\000e\000s\000\051}{chapter.2}% 35
\BOOKMARK [2][-]{subsection.2.7.1}{\376\377\016\001\016\062\016\043\016\010\016\061\016\024\016\001\016\062\016\043\016\052\016\062\016\042\016\104\016\037\016\101\016\045\016\060\016\045\016\024\016\052\016\061\016\015\016\015\016\062\016\023\016\043\016\032\016\001\016\047\016\031\000\040\000\050\000W\000i\000r\000i\000n\000g\000\040\000\046\000\040\000E\000M\000I\000\040\000M\000i\000t\000i\000g\000a\000t\000i\000o\000n\000\051}{section.2.7}% 36
\BOOKMARK [2][-]{subsection.2.7.2}{\376\377\016\004\016\047\016\062\016\041\016\033\016\045\016\055\016\024\016\040\016\061\016\042\016\027\016\062\016\007\016\104\016\037\016\037\016\111\016\062\016\101\016\045\016\060\016\047\016\007\016\010\016\043\016\053\016\042\016\070\016\024\016\011\016\070\016\001\016\100\016\011\016\064\016\031\000\040\000\050\000E\000l\000e\000c\000t\000r\000i\000c\000a\000l\000\040\000S\000a\000f\000e\000t\000y\000\040\000\046\000\040\000E\000-\000S\000t\000o\000p\000\051}{section.2.7}% 37
\BOOKMARK [1][-]{section.2.8}{\376\377\016\001\016\062\016\043\016\055\016\055\016\001\016\101\016\032\016\032\016\043\016\060\016\032\016\032\016\104\016\037\016\037\016\111\016\062\016\101\016\045\016\060\016\047\016\007\016\010\016\043\016\033\016\111\016\055\016\007\016\001\016\061\016\031\000\040\000\050\000E\000l\000e\000c\000t\000r\000i\000c\000a\000l\000\040\000S\000y\000s\000t\000e\000m\000\040\000a\000n\000d\000\040\000P\000r\000o\000t\000e\000c\000t\000i\000o\000n\000\040\000D\000e\000s\000i\000g\000n\000\051}{chapter.2}% 38
\BOOKMARK [2][-]{subsection.2.8.1}{\376\377\016\047\016\007\016\010\016\043\016\033\016\111\016\055\016\007\016\001\016\061\016\031\016\004\016\047\016\062\016\041\016\034\016\064\016\024\016\033\016\001\016\025\016\064\016\027\016\062\016\007\016\104\016\037\016\037\016\111\016\062\000\040\000\050\000E\000l\000e\000c\000t\000r\000i\000c\000a\000l\000\040\000P\000r\000o\000t\000e\000c\000t\000i\000o\000n\000\040\000C\000i\000r\000c\000u\000i\000t\000s\000\051}{section.2.8}% 39
\BOOKMARK [2][-]{subsection.2.8.2}{\376\377\016\001\016\062\016\043\016\101\016\042\016\001\016\001\016\061\016\045\016\047\016\062\016\031\016\064\016\001\016\027\016\062\016\007\016\101\016\052\016\007\000\040\000\050\000G\000a\000l\000v\000a\000n\000i\000c\000\040\000I\000s\000o\000l\000a\000t\000i\000o\000n\000\051}{section.2.8}% 40
\BOOKMARK [2][-]{subsection.2.8.3}{\376\377\016\001\016\062\016\043\016\010\016\061\016\024\016\001\016\062\016\043\016\052\016\062\016\042\016\104\016\037\016\101\016\045\016\060\016\053\016\031\016\111\016\062\016\052\016\061\016\041\016\034\016\061\016\052\000\040\000\050\000W\000i\000r\000i\000n\000g\000\040\000a\000n\000d\000\040\000S\000t\000r\000a\000i\000n\000\040\000R\000e\000l\000i\000e\000f\000\051}{section.2.8}% 41
\BOOKMARK [1][-]{section.2.9}{\376\377\016\102\016\036\016\043\016\102\016\027\016\004\016\055\016\045\016\001\016\062\016\043\016\052\016\067\016\110\016\055\016\052\016\062\016\043\016\002\016\111\016\055\016\041\016\071\016\045\016\055\016\070\016\025\016\052\016\062\016\053\016\001\016\043\016\043\016\041}{chapter.2}% 42
\BOOKMARK [2][-]{subsection.2.9.1}{\376\377\000C\000o\000n\000t\000r\000o\000l\000l\000e\000r\000\040\000A\000r\000e\000a\000\040\000N\000e\000t\000w\000o\000r\000k\000\040\000\050\000C\000A\000N\000\040\000B\000u\000s\000\051}{section.2.9}% 43
\BOOKMARK [2][-]{subsection.2.9.2}{\376\377\016\012\016\061\016\111\016\031\016\001\016\062\016\042\016\040\016\062\016\036\000\040\000R\000S\000-\0004\0008\0005\000\040\016\101\016\045\016\060\016\102\016\036\016\043\016\102\016\027\016\004\016\055\016\045\000\040\000M\000o\000d\000b\000u\000s\000\040\000R\000T\000U}{section.2.9}% 44
\BOOKMARK [1][-]{section.2.10}{\376\377\016\100\016\013\016\031\016\100\016\013\016\055\016\043\016\114\016\101\016\045\016\060\016\055\016\070\016\033\016\001\016\043\016\023\016\114\016\025\016\043\016\047\016\010\016\047\016\061\016\024}{chapter.2}% 45
\BOOKMARK [2][-]{subsection.2.10.1}{\376\377\000I\000n\000c\000r\000e\000m\000e\000n\000t\000a\000l\000\040\000E\000n\000c\000o\000d\000e\000r\000\040\000\050\000A\000M\000T\000-\0001\0000\0003\000\051}{section.2.10}% 46
\BOOKMARK [2][-]{subsection.2.10.2}{\376\377\000C\000u\000r\000r\000e\000n\000t\000\040\000S\000e\000n\000s\000o\000r\000\040\000\050\000W\000C\000S\0001\0008\0000\0000\000\051}{section.2.10}% 47
\BOOKMARK [2][-]{subsection.2.10.3}{\376\377\000P\000r\000o\000x\000i\000m\000i\000t\000y\000\040\000S\000e\000n\000s\000o\000r\000\040\000\050\000I\000n\000d\000u\000c\000t\000i\000v\000e\000\051}{section.2.10}% 48
\BOOKMARK [0][-]{chapter.3}{\376\377\016\052\016\026\016\062\016\033\016\061\016\025\016\042\016\001\016\043\016\043\016\041\016\101\016\045\016\060\016\001\016\062\016\043\016\055\016\055\016\001\016\101\016\032\016\032\016\043\016\060\016\032\016\032}{}% 49
\BOOKMARK [1][-]{section.3.1}{\376\377\016\052\016\026\016\062\016\033\016\061\016\025\016\042\016\001\016\043\016\043\016\041\016\043\016\060\016\032\016\032\016\040\016\062\016\036\016\043\016\047\016\041}{chapter.3}% 50
\BOOKMARK [2][-]{subsection.3.1.1}{\376\377\016\053\016\110\016\047\016\007\016\102\016\013\016\110\016\001\016\062\016\043\016\052\016\110\016\007\016\001\016\063\016\045\016\061\016\007\000\040\000\050\000P\000o\000w\000e\000r\000\040\000T\000r\000a\000n\000s\000m\000i\000s\000s\000i\000o\000n\000\040\000C\000h\000a\000i\000n\000\051}{section.3.1}% 51
\BOOKMARK [2][-]{subsection.3.1.2}{\376\377\000A\000p\000p\000l\000i\000c\000a\000t\000i\000o\000n\000\040\000F\000i\000n\000i\000t\000e\000\040\000S\000t\000a\000t\000e\000\040\000M\000a\000c\000h\000i\000n\000e}{section.3.1}% 52
\BOOKMARK [1][-]{section.3.2}{\376\377\016\001\016\062\016\043\016\055\016\055\016\001\016\101\016\032\016\032\016\100\016\012\016\064\016\007\016\001\016\045}{chapter.3}% 53
\BOOKMARK [2][-]{subsection.3.2.1}{\376\377\016\052\016\026\016\062\016\033\016\061\016\025\016\042\016\001\016\043\016\043\016\041\016\100\016\012\016\064\016\007\016\001\016\045\016\102\016\024\016\042\016\043\016\047\016\041}{section.3.2}% 54
\BOOKMARK [2][-]{subsection.3.2.2}{\376\377\016\001\016\062\016\043\016\004\016\063\016\031\016\047\016\023\016\100\016\036\016\045\016\062}{section.3.2}% 55
\BOOKMARK [2][-]{subsection.3.2.3}{\376\377\016\001\016\062\016\043\016\047\016\064\016\100\016\004\016\043\016\062\016\060\016\053\016\114\016\100\016\036\016\045\016\062\016\024\016\111\016\047\016\042\000\040\000F\000E\000A\000\040\000\050\000S\000h\000a\000f\000t\000\040\000F\000E\000A\000\051}{section.3.2}% 56
\BOOKMARK [2][-]{subsection.3.2.4}{\376\377\016\001\016\062\016\043\016\004\016\063\016\031\016\047\016\023\016\052\016\062\016\042\016\036\016\062\016\031}{section.3.2}% 57
\BOOKMARK [2][-]{subsection.3.2.5}{\376\377\016\001\016\062\016\043\016\004\016\063\016\031\016\047\016\023\016\101\016\043\016\007\016\032\016\064\016\024\016\027\016\065\016\110\016\025\016\111\016\055\016\007\016\001\016\062\016\043\016\101\016\045\016\060\016\001\016\062\016\043\016\100\016\045\016\067\016\055\016\001\016\041\016\055\016\100\016\025\016\055\016\043\016\114}{section.3.2}% 58
\BOOKMARK [2][-]{subsection.3.2.6}{\376\377\016\001\016\062\016\043\016\100\016\045\016\067\016\055\016\001\016\025\016\045\016\061\016\032\016\045\016\071\016\001\016\033\016\067\016\031\016\101\016\045\016\060\016\001\016\062\016\043\016\004\016\063\016\031\016\047\016\023\016\055\016\062\016\042\016\070\016\001\016\062\016\043\016\103\016\012\016\111\016\007\016\062\016\031}{section.3.2}% 59
\BOOKMARK [2][-]{subsection.3.2.7}{\376\377\016\001\016\062\016\043\016\047\016\064\016\100\016\004\016\043\016\062\016\060\016\053\016\114\016\001\016\062\016\043\016\102\016\001\016\110\016\007\016\025\016\061\016\047\016\024\016\111\016\047\016\042\000\040\000F\000E\000A}{section.3.2}% 60
\BOOKMARK [1][-]{section.3.3}{\376\377\016\001\016\062\016\043\016\055\016\055\016\001\016\101\016\032\016\032\016\043\016\060\016\032\016\032\016\104\016\037\016\037\016\111\016\062}{chapter.3}% 61
\BOOKMARK [2][-]{subsection.3.3.1}{\376\377\016\052\016\026\016\062\016\033\016\061\016\025\016\042\016\001\016\043\016\043\016\041\016\104\016\037\016\037\016\111\016\062\016\102\016\024\016\042\016\043\016\047\016\041}{section.3.3}% 62
\BOOKMARK [2][-]{subsection.3.3.2}{\376\377\016\001\016\062\016\043\016\004\016\063\016\031\016\047\016\023\016\001\016\063\016\045\016\061\016\007\016\104\016\037\016\037\016\111\016\062\016\101\016\045\016\060\016\001\016\062\016\043\016\100\016\045\016\067\016\055\016\001\000\040\000C\000i\000r\000c\000u\000i\000t\000\040\000B\000r\000e\000a\000k\000e\000r}{section.3.3}% 63
\BOOKMARK [2][-]{subsection.3.3.3}{\376\377\016\001\016\062\016\043\016\055\016\055\016\001\016\101\016\032\016\032\000\040\000P\000C\000B\000\040\016\101\016\045\016\060\016\047\016\007\016\010\016\043\016\033\016\111\016\055\016\007\016\001\016\061\016\031}{section.3.3}% 64
\BOOKMARK [2][-]{subsection.3.3.4}{\376\377\000S\000T\000M\0003\0002\000\040\000P\000i\000n\000\040\000A\000s\000s\000i\000g\000n\000m\000e\000n\000t}{section.3.3}% 65
\BOOKMARK [2][-]{subsection.3.3.5}{\376\377\016\001\016\062\016\043\016\043\016\060\016\032\016\070\016\043\016\060\016\032\016\032\000\040\000\050\000S\000y\000s\000t\000e\000m\000\040\000I\000d\000e\000n\000t\000i\000f\000i\000c\000a\000t\000i\000o\000n\000\051}{section.3.3}% 66
\BOOKMARK [2][-]{subsection.3.3.6}{\376\377\016\001\016\062\016\043\016\055\016\055\016\001\016\101\016\032\016\032\016\025\016\061\016\047\016\004\016\047\016\032\016\004\016\070\016\041\000\040\000C\000a\000s\000c\000a\000d\000e\000\040\000P\000I\000D}{section.3.3}% 67
\BOOKMARK [2][-]{subsection.3.3.7}{\376\377\016\004\016\110\016\062\000\040\000G\000a\000i\000n\000\040\016\027\016\065\016\110\016\103\016\012\016\111\016\007\016\062\016\031\016\010\016\043\016\064\016\007\000\040\000\050\000H\000a\000r\000d\000w\000a\000r\000e\000-\000T\000u\000n\000e\000d\000\051}{section.3.3}% 68
\BOOKMARK [2][-]{subsection.3.3.8}{\376\377\016\001\016\062\016\043\016\055\016\055\016\001\016\101\016\032\016\032\000\040\000Z\000V\000D\000\040\000I\000n\000p\000u\000t\000\040\000S\000h\000a\000p\000e\000r}{section.3.3}% 69
\BOOKMARK [2][-]{subsection.3.3.9}{\376\377\016\001\016\062\016\043\016\055\016\055\016\001\016\101\016\032\016\032\000\040\000S\000-\000C\000u\000r\000v\000e\000\040\000M\000o\000t\000i\000o\000n\000\040\000P\000r\000o\000f\000i\000l\000e}{section.3.3}% 70
\BOOKMARK [2][-]{subsection.3.3.10}{\376\377\000M\000o\000d\000b\000u\000s\000\040\000R\000T\000U\000\040\000P\000r\000o\000t\000o\000c\000o\000l\000\040\016\101\016\045\016\060\000\040\000R\000e\000g\000i\000s\000t\000e\000r\000\040\000M\000a\000p}{section.3.3}% 71
\BOOKMARK [0][-]{chapter.4}{\376\377\016\001\016\062\016\043\016\052\016\043\016\111\016\062\016\007\016\101\016\045\016\060\016\032\016\071\016\043\016\023\016\062\016\001\016\062\016\043\016\043\016\060\016\032\016\032}{}% 72
\BOOKMARK [1][-]{section.4.1}{\376\377\016\001\016\062\016\043\016\033\016\043\016\060\016\001\016\055\016\032\016\102\016\004\016\043\016\007\016\052\016\043\016\111\016\062\016\007\016\027\016\062\016\007\016\001\016\045}{chapter.4}% 73
\BOOKMARK [2][-]{subsection.4.1.1}{\376\377\016\040\016\062\016\036\016\043\016\047\016\041\016\001\016\062\016\043\016\033\016\043\016\060\016\001\016\055\016\032}{section.4.1}% 74
\BOOKMARK [2][-]{subsection.4.1.2}{\376\377\016\001\016\062\016\043\016\033\016\043\016\060\016\001\016\055\016\032\000\040\000S\000u\000b\000-\000a\000s\000s\000e\000m\000b\000l\000y}{section.4.1}% 75
\BOOKMARK [2][-]{subsection.4.1.3}{\376\377\016\001\016\062\016\043\016\033\016\043\016\060\016\001\016\055\016\032\016\043\016\047\016\041\016\002\016\061\016\111\016\031\016\052\016\070\016\024\016\027\016\111\016\062\016\042\000\040\000\050\000F\000i\000n\000a\000l\000\040\000A\000s\000s\000e\000m\000b\000l\000y\000\040\000P\000r\000o\000c\000e\000s\000s\000\051}{section.4.1}% 76
\BOOKMARK [2][-]{subsection.4.1.4}{\376\377\016\002\016\061\016\111\016\031\016\025\016\055\016\031\016\001\016\062\016\043\016\025\016\064\016\024\016\025\016\061\016\111\016\007\000\040\016\023\000\040\016\010\016\070\016\024\016\103\016\012\016\111\016\007\016\062\016\031\000\040\000\050\000F\000i\000e\000l\000d\000\040\000I\000n\000s\000t\000a\000l\000l\000a\000t\000i\000o\000n\000\040\000P\000r\000o\000c\000e\000d\000u\000r\000e\000\051}{section.4.1}% 77
\BOOKMARK [2][-]{subsection.4.1.5}{\376\377\016\033\016\061\016\015\016\053\016\062\016\027\016\065\016\110\016\036\016\032\016\043\016\060\016\053\016\047\016\110\016\062\016\007\016\001\016\062\016\043\016\033\016\043\016\060\016\001\016\055\016\032\016\101\016\045\016\060\016\001\016\062\016\043\016\101\016\001\016\111\016\104\016\002}{section.4.1}% 78
\BOOKMARK [1][-]{section.4.2}{\376\377\016\001\016\062\016\043\016\033\016\043\016\060\016\001\016\055\016\032\016\025\016\071\016\111\016\004\016\047\016\032\016\004\016\070\016\041\016\101\016\045\016\060\016\001\016\062\016\043\016\100\016\024\016\064\016\031\016\052\016\062\016\042\016\104\016\037}{chapter.4}% 79
\BOOKMARK [2][-]{subsection.4.2.1}{\376\377\016\043\016\062\016\042\016\001\016\062\016\043\016\055\016\070\016\033\016\001\016\043\016\023\016\114\016\053\016\045\016\061\016\001\000\040\000\050\000B\000i\000l\000l\000\040\000o\000f\000\040\000M\000a\000t\000e\000r\000i\000a\000l\000s\000\051}{section.4.2}% 80
\BOOKMARK [2][-]{subsection.4.2.2}{\376\377\016\052\016\026\016\062\016\033\016\061\016\025\016\042\016\001\016\043\016\043\016\041\016\001\016\062\016\043\016\010\016\110\016\062\016\042\016\104\016\037\016\101\016\045\016\060\016\001\016\062\016\043\016\101\016\042\016\001\016\052\016\061\016\015\016\015\016\062\016\023\000\040\000\050\000P\000o\000w\000e\000r\000\040\000\046\000\040\000S\000i\000g\000n\000a\000l\000\040\000A\000r\000c\000h\000i\000t\000e\000c\000t\000u\000r\000e\000\051}{section.4.2}% 81
\BOOKMARK [2][-]{subsection.4.2.3}{\376\377\016\101\016\031\016\047\016\027\016\062\016\007\016\033\016\017\016\064\016\032\016\061\016\025\016\064\016\103\016\031\016\001\016\062\016\043\016\100\016\024\016\064\016\031\016\052\016\062\016\042\016\104\016\037\000\040\000\050\000C\000a\000b\000l\000e\000\040\000M\000a\000n\000a\000g\000e\000m\000e\000n\000t\000\040\000\046\000\040\000W\000i\000r\000i\000n\000g\000\051}{section.4.2}% 82
\BOOKMARK [1][-]{section.4.3}{\376\377\016\001\016\062\016\043\016\036\016\061\016\022\016\031\016\062\000\040\000F\000i\000r\000m\000w\000a\000r\000e}{chapter.4}% 83
\BOOKMARK [2][-]{subsection.4.3.1}{\376\377\016\040\016\062\016\036\016\043\016\047\016\041\016\052\016\026\016\062\016\033\016\061\016\025\016\042\016\001\016\043\016\043\016\041\016\013\016\055\016\037\016\025\016\114\016\101\016\047\016\043\016\114\000\040\000\050\000S\000o\000f\000t\000w\000a\000r\000e\000\040\000A\000r\000c\000h\000i\000t\000e\000c\000t\000u\000r\000e\000\051}{section.4.3}% 84
\BOOKMARK [2][-]{subsection.4.3.2}{\376\377\016\001\016\062\016\043\016\010\016\061\016\024\016\052\016\043\016\043\016\100\016\047\016\045\016\062\016\027\016\063\016\007\016\062\016\031\000\040\000\050\000E\000x\000e\000c\000u\000t\000i\000o\000n\000\040\000M\000o\000d\000e\000l\000\040\016\101\016\045\016\060\000\040\000T\000a\000s\000k\000\040\000T\000i\000m\000i\000n\000g\000\051}{section.4.3}% 85
\BOOKMARK [2][-]{subsection.4.3.3}{\376\377\016\052\016\026\016\062\016\031\016\060\016\001\016\062\016\043\016\027\016\063\016\007\016\062\016\031\016\002\016\055\016\007\016\043\016\060\016\032\016\032\000\040\000\050\000A\000p\000p\000l\000i\000c\000a\000t\000i\000o\000n\000\040\000F\000S\000M\000\051}{section.4.3}% 86
\BOOKMARK [2][-]{subsection.4.3.4}{\376\377\016\001\016\043\016\060\016\032\016\047\016\031\016\001\016\062\016\043\016\053\016\062\016\010\016\070\016\024\016\055\016\111\016\062\016\007\016\055\016\064\016\007\016\043\016\060\016\024\016\061\016\032\016\004\016\047\016\062\016\041\016\101\016\041\016\110\016\031\016\042\016\063\016\052\016\071\016\007\000\040\000\050\000T\000w\000o\000-\000S\000t\000a\000g\000e\000\040\000H\000o\000m\000i\000n\000g\000\040\000S\000e\000q\000u\000e\000n\000c\000e\000\051}{section.4.3}% 87
\BOOKMARK [2][-]{subsection.4.3.5}{\376\377\016\055\016\061\016\045\016\001\016\055\016\043\016\064\016\027\016\066\016\041\016\004\016\047\016\032\016\004\016\070\016\041\016\001\016\062\016\043\016\100\016\004\016\045\016\067\016\110\016\055\016\031\016\027\016\065\016\110\000\040\000\050\000M\000o\000t\000i\000o\000n\000\040\000C\000o\000n\000t\000r\000o\000l\000\040\000A\000l\000g\000o\000r\000i\000t\000h\000m\000s\000\051}{section.4.3}% 88
\BOOKMARK [2][-]{subsection.4.3.6}{\376\377\016\043\016\060\016\032\016\032\016\004\016\047\016\062\016\041\016\033\016\045\016\055\016\024\016\040\016\061\016\042\016\027\016\062\016\007\016\013\016\055\016\037\016\025\016\114\016\101\016\047\016\043\016\114\000\040\000\050\000S\000a\000f\000e\000t\000y\000\040\000S\000t\000a\000c\000k\000\051}{section.4.3}% 89
\BOOKMARK [2][-]{subsection.4.3.7}{\376\377\016\001\016\062\016\043\016\052\016\067\016\110\016\055\016\052\016\062\016\043\016\034\016\110\016\062\016\031\016\102\016\004\016\043\016\007\016\002\016\110\016\062\016\042\016\101\016\045\016\060\000\040\000C\000A\000N\000\040\000B\000u\000s\000\040\000F\000a\000i\000l\000s\000a\000f\000e}{section.4.3}% 90
\BOOKMARK [1][-]{section.4.4}{\376\377\016\001\016\062\016\043\016\032\016\071\016\043\016\023\016\062\016\001\016\062\016\043\016\043\016\060\016\024\016\061\016\032\016\043\016\060\016\032\016\032\000\040\000\050\000S\000y\000s\000t\000e\000m\000\040\000I\000n\000t\000e\000g\000r\000a\000t\000i\000o\000n\000\051}{chapter.4}% 91
\BOOKMARK [2][-]{subsection.4.4.1}{\376\377\016\040\016\062\016\036\016\043\016\047\016\041\016\052\016\026\016\062\016\033\016\061\016\025\016\042\016\001\016\043\016\043\016\041\016\043\016\060\016\032\016\032\000\040\000\050\000S\000y\000s\000t\000e\000m\000\040\000A\000r\000c\000h\000i\000t\000e\000c\000t\000u\000r\000e\000\051}{section.4.4}% 92
\BOOKMARK [2][-]{subsection.4.4.2}{\376\377\016\001\016\062\016\043\016\010\016\061\016\024\016\001\016\062\016\043\016\002\016\111\016\055\016\041\016\071\016\045\016\043\016\110\016\047\016\041\000\040\000\050\000S\000h\000a\000r\000e\000d\000\040\000D\000a\000t\000a\000\040\000A\000r\000c\000h\000i\000t\000e\000c\000t\000u\000r\000e\000\051}{section.4.4}% 93
\BOOKMARK [2][-]{subsection.4.4.3}{\376\377\016\001\016\062\016\043\016\100\016\012\016\067\016\110\016\055\016\041\016\025\016\110\016\055\016\055\016\070\016\033\016\001\016\043\016\023\016\114\016\002\016\061\016\032\016\100\016\004\016\045\016\067\016\110\016\055\016\031\016\101\016\045\016\060\016\100\016\013\016\031\016\100\016\013\016\055\016\043\016\114\000\040\000\050\000M\000o\000t\000o\000r\000,\000\040\000E\000n\000c\000o\000d\000e\000r\000\040\000\046\000\040\000D\000r\000i\000v\000e\000r\000\051}{section.4.4}% 94
\BOOKMARK [2][-]{subsection.4.4.4}{\376\377\016\001\016\062\016\043\016\100\016\012\016\067\016\110\016\055\016\041\016\025\016\110\016\055\016\043\016\060\016\032\016\032\016\004\016\047\016\032\016\004\016\070\016\041\016\104\016\043\016\111\016\052\016\062\016\042\000\040\000\050\000J\000o\000y\000s\000t\000i\000c\000k\000\040\000I\000n\000t\000e\000g\000r\000a\000t\000i\000o\000n\000\051}{section.4.4}% 95
\BOOKMARK [2][-]{subsection.4.4.5}{\376\377\016\001\016\062\016\043\016\052\016\067\016\110\016\055\016\052\016\062\016\043\016\024\016\111\016\047\016\042\016\102\016\033\016\043\016\102\016\025\016\004\016\055\016\045\000\040\000M\000o\000d\000b\000u\000s\000\040\000R\000T\000U}{section.4.4}% 96
\BOOKMARK [0][-]{chapter.5}{\376\377\016\034\016\045\016\001\016\062\016\043\016\027\016\024\016\052\016\055\016\032\016\101\016\045\016\060\016\001\016\062\016\043\016\027\016\047\016\031\016\052\016\055\016\032}{}% 97
\BOOKMARK [1][-]{section.5.1}{\376\377\016\034\016\045\016\001\016\062\016\043\016\027\016\024\016\052\016\055\016\032\016\043\016\060\016\032\016\032\016\042\016\110\016\055\016\042}{chapter.5}% 98
\BOOKMARK [2][-]{subsection.5.1.1}{\376\377\016\001\016\062\016\043\016\047\016\061\016\024\016\043\016\060\016\042\016\060\016\004\016\045\016\055\016\031\000\040\000\050\000B\000a\000c\000k\000l\000a\000s\000h\000\040\000M\000e\000a\000s\000u\000r\000e\000m\000e\000n\000t\000\051}{section.5.1}% 99
\BOOKMARK [2][-]{subsection.5.1.2}{\376\377\016\001\016\062\016\043\016\027\016\024\016\052\016\055\016\032\000\040\000E\000n\000c\000o\000d\000e\000r\000\040\016\101\016\045\016\060\000\040\000S\000e\000n\000s\000o\000r}{section.5.1}% 100
\BOOKMARK [2][-]{subsection.5.1.3}{\376\377\016\001\016\062\016\043\016\027\016\024\016\052\016\055\016\032\000\040\000M\000o\000t\000o\000r\000\040\000D\000r\000i\000v\000e\000r\000\040\000\050\000C\000y\000t\000r\000o\000n\000\040\000M\000D\0001\0000\000C\000\051}{section.5.1}% 101
\BOOKMARK [2][-]{subsection.5.1.4}{\376\377\016\001\016\062\016\043\016\027\016\024\016\052\016\055\016\032\000\040\000E\000-\000S\000t\000o\000p\000\040\000R\000e\000s\000p\000o\000n\000s\000e\000\040\000T\000i\000m\000e}{section.5.1}% 102
\BOOKMARK [2][-]{subsection.5.1.5}{\376\377\016\001\016\062\016\043\016\027\016\024\016\052\016\055\016\032\016\001\016\062\016\043\016\052\016\067\016\110\016\055\016\052\016\062\016\043\000\040\000M\000o\000d\000b\000u\000s\000\040\000R\000T\000U}{section.5.1}% 103
\BOOKMARK [1][-]{section.5.2}{\376\377\016\034\016\045\016\001\016\062\016\043\016\043\016\060\016\032\016\070\016\043\016\060\016\032\016\032\016\101\016\045\016\060\016\001\016\062\016\043\016\010\016\063\016\045\016\055\016\007}{chapter.5}% 104
\BOOKMARK [2][-]{subsection.5.2.1}{\376\377\016\034\016\045\016\001\016\062\016\043\016\043\016\060\016\032\016\070\016\036\016\062\016\043\016\062\016\041\016\064\016\100\016\025\016\055\016\043\016\114\016\002\016\055\016\007\016\041\016\055\016\100\016\025\016\055\016\043\016\114}{section.5.2}% 105
\BOOKMARK [2][-]{subsection.5.2.2}{\376\377\016\034\016\045\016\001\016\062\016\043\016\025\016\043\016\047\016\010\016\052\016\055\016\032\016\004\016\047\016\062\016\041\016\026\016\071\016\001\016\025\016\111\016\055\016\007\016\002\016\055\016\007\016\101\016\032\016\032\016\010\016\063\016\045\016\055\016\007\000\040\000\050\000M\000o\000d\000e\000l\000\040\000V\000a\000l\000i\000d\000a\000t\000i\000o\000n\000\051}{section.5.2}% 106
\BOOKMARK [2][-]{subsection.5.2.3}{\376\377\016\034\016\045\016\001\016\062\016\043\000\040\000S\000i\000m\000u\000l\000a\000t\000i\000o\000n\000\040\000C\000a\000s\000c\000a\000d\000e\000\040\000P\000I\000D\000\040\016\101\016\045\016\060\000\040\000Z\000V\000D\000\040\000I\000n\000p\000u\000t\000\040\000S\000h\000a\000p\000e\000r}{section.5.2}% 107
\BOOKMARK [2][-]{subsection.5.2.4}{\376\377\016\034\016\045\016\001\016\062\016\043\016\055\016\055\016\001\016\101\016\032\016\032\000\040\000K\000a\000l\000m\000a\000n\000\040\000F\000i\000l\000t\000e\000r}{section.5.2}% 108
\BOOKMARK [1][-]{section.5.3}{\376\377\016\034\016\045\016\001\016\062\016\043\016\027\016\024\016\052\016\055\016\032\016\052\016\041\016\043\016\043\016\026\016\031\016\060\016\001\016\062\016\043\016\027\016\063\016\007\016\062\016\031\016\010\016\043\016\064\016\007}{chapter.5}% 109
\BOOKMARK [2][-]{subsection.5.3.1}{\376\377\000S\000t\000e\000p\000\040\000R\000e\000s\000p\000o\000n\000s\000e\000:\000\040\000O\000v\000e\000r\000s\000h\000o\000o\000t\000\040\016\101\016\045\016\060\000\040\000S\000e\000t\000t\000l\000i\000n\000g\000\040\000T\000i\000m\000e}{section.5.3}% 110
\BOOKMARK [2][-]{subsection.5.3.2}{\376\377\016\004\016\047\016\062\016\041\016\101\016\041\016\110\016\031\016\042\016\063\016\025\016\063\016\101\016\053\016\031\016\110\016\007\000\040\000\050\000P\000o\000s\000i\000t\000i\000o\000n\000\040\000A\000c\000c\000u\000r\000a\000c\000y\000\051}{section.5.3}% 111
\BOOKMARK [2][-]{subsection.5.3.3}{\376\377\016\004\016\047\016\062\016\041\016\013\016\111\016\063\016\013\016\062\016\001\016\104\016\024\016\111\000\040\000\050\000R\000e\000p\000e\000a\000t\000a\000b\000i\000l\000i\000t\000y\000\051}{section.5.3}% 112
\BOOKMARK [2][-]{subsection.5.3.4}{\376\377\000C\000y\000c\000l\000e\000\040\000T\000i\000m\000e}{section.5.3}% 113
\BOOKMARK [1][-]{section.5.4}{\376\377\016\001\016\062\016\043\016\027\016\047\016\031\016\052\016\055\016\032\016\025\016\062\016\041\016\002\016\111\016\055\016\001\016\063\016\053\016\031\016\024\000\040\000\050\000R\000e\000q\000u\000i\000r\000e\000m\000e\000n\000t\000s\000\040\000T\000r\000a\000c\000e\000a\000b\000i\000l\000i\000t\000y\000\040\000\046\000\040\000V\000\046\000V\000\051}{chapter.5}% 114
\BOOKMARK [0][-]{chapter.6}{\376\377\016\052\016\043\016\070\016\033\016\034\016\045\016\101\016\045\016\060\016\002\016\111\016\055\016\100\016\052\016\031\016\055\016\101\016\031\016\060}{}% 115
\BOOKMARK [1][-]{section.6.1}{\376\377\016\052\016\043\016\070\016\033\016\034\016\045\016\001\016\062\016\043\016\024\016\063\016\100\016\031\016\064\016\031\016\007\016\062\016\031}{chapter.6}% 116
\BOOKMARK [1][-]{section.6.2}{\376\377\016\033\016\061\016\015\016\053\016\062\000\040\016\055\016\070\016\033\016\052\016\043\016\043\016\004\000\040\016\101\016\045\016\060\016\032\016\027\016\100\016\043\016\065\016\042\016\031\016\027\016\065\016\110\016\104\016\024\016\111}{chapter.6}% 117
\BOOKMARK [2][-]{subsection.6.2.1}{\376\377\016\033\016\061\016\015\016\053\016\062\016\100\016\012\016\064\016\007\016\001\016\045}{section.6.2}% 118
\BOOKMARK [2][-]{subsection.6.2.2}{\376\377\016\033\016\061\016\015\016\053\016\062\016\024\016\111\016\062\016\031\016\013\016\055\016\037\016\025\016\114\016\101\016\047\016\043\016\114\016\101\016\045\016\060\016\001\016\062\016\043\016\032\016\071\016\043\016\023\016\062\016\001\016\062\016\043}{section.6.2}% 119
\BOOKMARK [2][-]{subsection.6.2.3}{\376\377\016\033\016\061\016\015\016\053\016\062\016\024\016\111\016\062\016\031\016\001\016\062\016\043\016\055\016\055\016\001\016\101\016\032\016\032\016\043\016\060\016\032\016\032\016\004\016\047\016\032\016\004\016\070\016\041}{section.6.2}% 120
\BOOKMARK [1][-]{section.6.3}{\376\377\016\002\016\111\016\055\016\100\016\052\016\031\016\055\016\101\016\031\016\060\016\052\016\063\016\053\016\043\016\061\016\032\016\001\016\062\016\043\016\036\016\061\016\022\016\031\016\062\016\025\016\110\016\055\016\042\016\055\016\024}{chapter.6}% 121
\BOOKMARK [2][-]{subsection.6.3.1}{\376\377\016\001\016\062\016\043\016\036\016\061\016\022\016\031\016\062\016\043\016\060\016\032\016\032\016\004\016\047\016\032\016\004\016\070\016\041}{section.6.3}% 122
\BOOKMARK [2][-]{subsection.6.3.2}{\376\377\016\001\016\062\016\043\016\036\016\061\016\022\016\031\016\062\016\043\016\060\016\032\016\032\016\001\016\045}{section.6.3}% 123
\BOOKMARK [2][-]{subsection.6.3.3}{\376\377\016\001\016\062\016\043\016\036\016\061\016\022\016\031\016\062\016\043\016\060\016\032\016\032\016\104\016\037\016\037\016\111\016\062\016\101\016\045\016\060\016\013\016\055\016\037\016\025\016\114\016\101\016\047\016\043\016\114}{section.6.3}% 124
\BOOKMARK [0][-]{appendix.A}{\376\377\000E\000n\000g\000i\000n\000e\000e\000r\000i\000n\000g\000\040\000D\000r\000a\000w\000i\000n\000g\000s}{}% 125
\BOOKMARK [0][-]{appendix.B}{\376\377\000S\000o\000u\000r\000c\000e\000\040\000C\000o\000d\000e\000\040\000R\000e\000p\000o\000s\000i\000t\000o\000r\000y}{}% 126
